(node:671) ExperimentalWarning: SQLite is an experimental feature and might change at any time
(Use `node --trace-warnings ...` to show where the warning was created)
{"t":"2026-10-06T20:14:56.242Z","level":"info","msg":"migration applied: 001_init.sql"}
{"t":"2026-10-06T20:14:56.243Z","level":"info","msg":"migration applied: 002_dispatch.sql"}
{"t":"2026-10-06T20:14:56.244Z","level":"info","msg":"migration applied: 002_provider_documents_unique.sql"}
{"t":"2026-10-06T20:14:56.244Z","level":"info","msg":"migration applied: 003_order_chat.sql"}
{"t":"2026-10-06T20:14:56.245Z","level":"info","msg":"migration applied: 004_trips.sql"}
{"t":"2026-10-06T20:14:56.245Z","level":"info","msg":"migration applied: 005_live_safety_vehicles.sql"}
{"t":"2026-10-06T20:14:56.257Z","level":"info","msg":"migration applied: 006_customer_experience.sql"}
{"t":"2026-10-06T20:14:56.260Z","level":"info","msg":"migration applied: 007_trip_purpose_expansion.sql"}
{"t":"2026-10-06T20:14:56.261Z","level":"info","msg":"migration applied: 008_service_capabilities.sql"}
{"t":"2026-10-06T20:14:56.268Z","level":"info","msg":"migration applied: 009_operational_completion.sql"}
{"t":"2026-10-06T20:14:56.274Z","level":"info","msg":"migration applied: 010_rural_smart_request.sql"}
{"t":"2026-10-06T20:14:56.275Z","level":"info","msg":"migration applied: 011_existing_rural_catalog.sql"}
{"t":"2026-10-06T20:14:56.278Z","level":"info","msg":"migration applied: 012_operational_completion.sql"}
{"t":"2026-10-06T20:14:56.279Z","level":"info","msg":"migration applied: 013_locality_hierarchy.sql"}
{"t":"2026-10-06T20:14:56.281Z","level":"info","msg":"migration applied: 014_chat_attachments.sql"}
{"t":"2026-10-06T20:14:56.284Z","level":"info","msg":"migration applied: 014_governorate_locality.sql"}
{"t":"2026-10-06T20:14:56.286Z","level":"info","msg":"migration applied: 015_performance_capabilities_assistant.sql"}
{"t":"2026-10-06T20:14:56.286Z","level":"info","msg":"migration applied: 016_provider_metrics_featured.sql"}
{"t":"2026-10-06T20:14:56.287Z","level":"info","msg":"migration applied: 017_intent_audit.sql"}
{"t":"2026-10-06T20:14:56.289Z","level":"info","msg":"migration applied: 018_admin_operations.sql"}
{"t":"2026-10-06T20:14:56.290Z","level":"info","msg":"migration applied: 019_dispatch_reasons.sql"}
{"t":"2026-10-06T20:14:56.293Z","level":"info","msg":"migration applied: 020_v66_6_reliability.sql"}
{"t":"2026-10-06T20:14:56.298Z","level":"info","msg":"migration applied: 021_v66_7_execution.sql"}
{"t":"2026-10-06T20:14:56.301Z","level":"info","msg":"migration applied: 022_v66_8_intent_shopping.sql"}
{"t":"2026-10-06T20:14:56.305Z","level":"info","msg":"migration applied: 023_v66_11_live_operations.sql"}
{"t":"2026-10-06T20:14:56.306Z","level":"info","msg":"migration applied: 024_v66_14_messaging_reliability.sql"}
{"t":"2026-10-06T20:14:56.306Z","level":"info","msg":"migration applied: 025_v66_16_chat_search_quality.sql"}
{"t":"2026-10-06T20:14:56.317Z","level":"info","msg":"migration applied: 026_product_strategy.sql"}
{"t":"2026-10-06T20:14:56.318Z","level":"info","msg":"migration applied: 027_yemen_essential_services.sql"}
{"t":"2026-10-06T20:14:56.318Z","level":"info","msg":"migration applied: 028_yemen_family_and_daily_life.sql"}
{"t":"2026-10-06T20:14:56.403Z","level":"info","msg":"startup_seed_complete","categoriesAdded":8,"servicesAdded":34,"adminCreated":true}
{"t":"2026-10-06T20:14:56.403Z","level":"info","msg":"startup_admin_created","email":"admin@khadamat.local"}
{"t":"2026-10-06T20:14:56.405Z","level":"info","msg":"server_started","port":3399,"env":"development"}
{"t":"2026-10-06T20:14:57.272Z","level":"info","msg":"shutdown","sig":"SIGTERM"}
